{
  "type": "Response",
  "id": "_response123",
  "issue_instant": "2024-01-15T10:30:00Z",
  "destination": "https://sp.example.com/acs",
  "in_response_to": "_request456",
  "status": {
    "status_code": "Success"
  },
  "issuer": "https://idp.example.com",
  "assertion": {
    "type": "Assertion",
    "id": "_assertion789",
    "issue_instant": "2024-01-15T10:30:00Z",
    "issuer": "https://idp.example.com",
    "subject": {
      "name_id": "user@example.com",
      "name_id_format": "urn:oasis:names:tc:SAML:2.0:nameid-format:emailAddress",
      "sp_name_qualifier": "https://sp.example.com"
    },
    "conditions": {
      "not_before": "2024-01-15T10:25:00Z",
      "not_on_or_after": "2024-01-15T10:35:00Z",
      "audience_restriction": [
        "https://sp.example.com"
      ]
    },
    "authn_statement": {
      "authn_instant": "2024-01-15T10:29:00Z",
      "session_index": "_session123",
      "authn_context_class_ref": "urn:oasis:names:tc:SAML:2.0:ac:classes:PasswordProtectedTransport"
    },
    "attributes": [
      {
        "name": "email",
        "friendly_name": "Email",
        "values": [
          "user@example.com"
        ]
      },
      {
        "name": "firstName",
        "friendly_name": "First Name",
        "values": [
          "John"
        ]
      },
      {
        "name": "lastName",
        "friendly_name": "Last Name",
        "values": [
          "Doe"
        ]
      },
      {
        "name": "groups",
        "friendly_name": "Groups",
        "values": [
          "admins",
          "users"
        ]
      }
    ]
  }
}
